============================================================
 SHOPIFY IMAGE PREFLIGHT
============================================================
Products eligible by price validation: 228
Images scheduled for validation:       884

[1/228] Samsung USB-C To USB-C Cable (5 A 1.8M) — 4 image(s)
[2/228] Samsung USB-C To USB-C Cable (3 A 1.8M) — 4 image(s)
[3/228] Samsung 25W Power Adapter — 7 image(s)
[4/228] Samsung 45W Power Adapter With USB-C Cable (5A/1.8m) — 3 image(s)
[5/228] Samsung Galaxy Buds 3 — 10 image(s)
[6/228] Samsung Galaxy Buds 3 Pro White — 6 image(s)
[7/228] Samsung Galaxy Watch 8 — 4 image(s)
[8/228] Samsung Galaxy Buds 4 — 10 image(s)
[9/228] Samsung Galaxy Buds 4 Pro — 10 image(s)
  Progress: 50/884 checked
[10/228] Samsung Galaxy Buds 3 Fe Black — 7 image(s)
[11/228] Samsung Galaxy Buds Core White — 4 image(s)
[12/228] JBL Live 670NC - Wireless On-Ear Headphones - Purple — 4 image(s)
[13/228] JBL Tune 520BT - Wireless On-Ear Headphones Blue — 8 image(s)
[14/228] Promate High-Fidelity Open Ear Wireless Over-Ear Headphones with Detachable Mic Novon Purple — 9 image(s)
[15/228] Promate High-Fidelity Open Ear Wireless Over-Ear Headphones with Detachable Mic Novon Black — 10 image(s)
  Progress: 100/884 checked
[16/228] Promate High Fidelity Over-Ear Wireless Headphones Laboca-Pro White — 9 image(s)
[17/228] High-Definition Hybrid ANC Headphones with Detachable Magnetic LCD Touch Screen Controller Vutune Black — 9 image(s)
[18/228] Promate High Fidelity Over-Ear Stereo Wireless Headphones Midnight Green — 8 image(s)
[19/228] Amazon Echo (4th Gen) Alexa — 2 image(s)
[20/228] Xiaomi Android TV Box S 3rd Generation — 3 image(s)
[21/228] Google Chromecast With Google TV — 4 image(s)
[22/228] DJI Mic Mini - Wireless Lavalier Microphone — 6 image(s)
[23/228] Hollyland LARK M2 - Wireless Microphone — 8 image(s)
[24/228] Promate XWatch-R20 Tough-Built Fitness Tracker Smartwatch With BT Calling Midnight Green — 10 image(s)
  Progress: 150/884 checked
[25/228] Promate XWatch-R20 Tough-Built Fitness Tracker Smartwatch With BT Calling Gray — 10 image(s)
[26/228] Promate XWatch-R20 Tough-Built Fitness Tracker Smartwatch With BT Calling Black — 10 image(s)
[27/228] Promate Alpha-X - High-Fidelity TWS RGB Speaker with Headphone Stand & USB Hub — 9 image(s)
[28/228] Fujifilm Instax Mini 10 Instant Film, 10-Pack - ISO 800, Color, White Border — 4 image(s)
[29/228] HP Smart Tank 581 Wireless All-In-One Printer — 2 image(s)
[30/228] Canon PIXMA G3416 Wireless All-in-One Ink Tank Printer — 3 image(s)
[31/228] SKE- Mini DC UPS 8800 MAH — 2 image(s)
[32/228] Tp-link- 4G LTE Mobile Wi-Fi — 5 image(s)
  Progress: 200/884 checked
[33/228] PCE UPS System V8-2500 — 1 image(s)
[34/228] PCE UPS System V8-1700 — 1 image(s)
[35/228] PCE UPS System M8-900 — 1 image(s)
[36/228] PCE UPS System M8-2000 — 1 image(s)
[37/228] PCE UPS System M8-1500 — 1 image(s)
[38/228] Microphone Arm Stand On A Flexible Boom Scissor — 2 image(s)
[39/228] Dual Monitor 13–32″ Arm Gas Spring Desk Mount Adjustable Stand with Full Motion & Cable Management Black — 9 image(s)
[40/228] Single Monitor 13–32″ Arm Gas Spring Desk Mount Adjustable Stand with Full Motion & Cable Management Black — 4 image(s)
[41/228] Satechi Slim Monitor Stand — 3 image(s)
[42/228] Satechi Aluminium Vertical Laptop Stand — 4 image(s)
[43/228] YeSido C293 Aluminum Alloy Table Holder — 3 image(s)
[44/228] Porodo Foldable 360° Dual-Use Laptop Stand with MagSafe Phone Holde — 3 image(s)
[45/228] Promate-Ergonomic Multi-Level Aluminium Laptop Stand — 6 image(s)
[46/228] HP DeskJet Ink Advantage 2875 Printer — 2 image(s)
[47/228] Canon PIXMA MG2541S Printer — 2 image(s)
[48/228] Canon PIXMA TS3640 Printer — 3 image(s)
  Progress: 250/884 checked
[49/228] Tp-Link- 8-Port Gigabit Desktop Switch — 3 image(s)
[50/228] Cusy-AC1200 Mesh Wi-Fi Range Extender — 4 image(s)
[51/228] Tp-Link AC750 mesh Wi-Fi extender — 5 image(s)
[52/228] Tp-Link 300Mbps Wireless N USB VDSL/ADSL+ Modem Router — 4 image(s)
[53/228] Tp-Link 300Mbps Wireless N ADSL2+ Modem Router — 4 image(s)
[54/228] Tp-Link 300Mbps Wireless N Router — 4 image(s)
[55/228] Cudy M1300 3-Pack AC1200 Gigabit Whole Mesh WiFi System — 6 image(s)
[56/228] Cudy BE3600 GIGABIT-BRAND- Wi-Fi 7 Router — 3 image(s)
[57/228] Cudy AX3000 Wi-Fi 6 Router — 4 image(s)
[58/228] Promate - Ulra Compact Super Speed Power Bank — 3 image(s)
[59/228] Promate - Ultra Compact Fast Charging Power Bank — 3 image(s)
[60/228] Samsung 10000mAh Battery Pack - Dual-Port Power Bank with Super Fast Charging & Recycled Materials — 5 image(s)
[61/228] Promate Smart Charging Power Bank 10000 MAH 20W Power Delivery — 1 image(s)
[62/228] Qushini Elephant Wireless Charger — 2 image(s)
  Progress: 300/884 checked
[63/228] Belkin Base For Apple Pencil — 1 image(s)
[64/228] Promate Super-Fast Fabric Braider Apple Watch Charging Cable — 4 image(s)
[65/228] Porodo Universal Pencil For Mobile And Tablet — 2 image(s)
[66/228] Yesido Watch Cable Magnetic Charging For Samsung Galaxy Watch — 3 image(s)
[67/228] Yesido Capacitive Stylus Pen — 5 image(s)
[68/228] Fujifilm Instax Mini 12 Gift Box Instant Camera + Mini Film + Protective Case + Photo Album — 6 image(s)
[69/228] Promate Power Pump 150 PSI Portable Air Compressor — 5 image(s)
[70/228] Yesido Mini Portable Vacuum Cleaner — 5 image(s)
[71/228] YESIDO Electric Shaver — 4 image(s)
[72/228] JBL PartyBox Club 120 - Portable Bluetooth Speaker — 6 image(s)
[73/228] Porodo Soundtec Audiolink Multi-Platform Audio Mixer and Speaker — 3 image(s)
[74/228] Motorola Wireless Portable Speaker & Wireless Charger — 1 image(s)
[75/228] Yesido 8W RGB Mini Portable Outdoor Bluetooth Speaker — 3 image(s)
[76/228] Genius 2.1 Channel Speaker System With Rocket Subwoofer — 1 image(s)
  Progress: 350/884 checked
[77/228] Genius SoundBar 200 USB & Bluetooth — 4 image(s)
[78/228] Promate Strike-40 - LumiSound™ HD 40W Portable Bluetooth Speaker — 6 image(s)
[79/228] Promate Coddy Hi-Definition SafeAudio Wireless Headphone Blue — 6 image(s)
[80/228] Promate High Fidelity Over-Ear Stereo Wireless Headphones Black — 6 image(s)
[81/228] Promate High Fidelity Over-Ear Wireless Headphones Laboca-Pro Black — 9 image(s)
[82/228] JBL Wireless Microphone Set - Dual-Channel Receiver — 4 image(s)
[83/228] Jbl Party Box Wireless Mic — 6 image(s)
[84/228] JBL Tune 520BT - Wireless On-Ear Headphones Black — 8 image(s)
[85/228] JBL Live 670NC - Wireless On-Ear Headphones - White — 10 image(s)
  Progress: 400/884 checked
[86/228] JBL Tune 720BT - Wireless Over-Ear Headphones — 2 image(s)
[87/228] Stanley 40 OZ Recycled Stainless Steel, Leak-Resistant, Car Cup Holder Compatible — 2 image(s)
[88/228] JBL Flip 7 - Portable Bluetooth Speaker — 10 image(s)
[89/228] The Mind Fulness Card Game — 1 image(s)
[90/228] Box Against Office Card Game — 1 image(s)
[91/228] The Voting Game Card Game — 1 image(s)
[92/228] Cards Against Humanity Card Game — 1 image(s)
[93/228] Pick Your Poison NSFW Edition Card Game — 7 image(s)
[94/228] Pick Your Poison Card Game — 1 image(s)
[95/228] Drawing Without Dignity Card Game — 1 image(s)
[96/228] Incohearent Card Game — 1 image(s)
[97/228] Disturbed Friends Card Game — 1 image(s)
[98/228] WTF Did You Say?!? Card Game — 1 image(s)
[99/228] Herd Mentality Card Game — 1 image(s)
[100/228] Do You Know Me? Card Game — 1 image(s)
[101/228] Cards Against Humanity: Family Edition Card Game — 1 image(s)
[102/228] Fun Employed Card GAme — 1 image(s)
[103/228] Detective in Spaceship Puzzle — 1 image(s)
[104/228] Detective in Bakery Puzzle — 1 image(s)
[105/228] Spot it! Dobble Card Game — 1 image(s)
[106/228] Spot it! Camping Card Game — 1 image(s)
[107/228] Spot it! Sports Card Game — 1 image(s)
[108/228] Spot it! Hip Card Game — 1 image(s)
[109/228] Spot it! Card Game — 1 image(s)
  Progress: 450/884 checked
[110/228] Backgammon Board Game — 1 image(s)
[111/228] Chekers Board Game — 1 image(s)
[112/228] The House On The Hill Widow's Walk Board Game — 1 image(s)
[113/228] Betrayal At House On The Hill Board Game — 1 image(s)
[114/228] Ticket To Ride Board Game — 1 image(s)
[115/228] Ticket to Ride Europe Board Game — 1 image(s)
[116/228] Catan The Base Game Board Game — 1 image(s)
[117/228] Catan Cities & Knights Board Game — 1 image(s)
[118/228] Catan SeaFarers Board Game — 1 image(s)
[119/228] Polaroid Land Camera Puzzle — 5 image(s)
[120/228] Charades Card Game — 2 image(s)
[121/228] Family Time Board Game — 4 image(s)
[122/228] Do You Remember? Card Game — 3 image(s)
[123/228] Truth Or Dare For Couples Crad Game — 5 image(s)
[124/228] Twilight Struggle Board Game — 2 image(s)
[125/228] Dominion Board Game — 2 image(s)
[126/228] Root Board Game — 5 image(s)
[127/228] Deception Board Game — 2 image(s)
[128/228] Azul Board Game — 7 image(s)
[129/228] 7 Wonders Board Game — 2 image(s)
[130/228] Telestrations After Dark Card Game — 3 image(s)
  Progress: 500/884 checked
[131/228] Splendor Board Game — 6 image(s)
[132/228] Ring A Ding Board Game — 2 image(s)
[133/228] Hitster Board Game — 3 image(s)
[134/228] Kluster Board Game — 4 image(s)
[135/228] 5 Second Rule Card Game — 6 image(s)
[136/228] Speak Out Game — 3 image(s)
[137/228] Pylos Game — 3 image(s)
[138/228] Katamino Board Game — 4 image(s)
[139/228] Pentago Board Game — 3 image(s)
[140/228] Quoridor Base Game — 3 image(s)
[141/228] Ubongo Classic Game — 3 image(s)
[142/228] The Big Time Board Game — 3 image(s)
[143/228] 1 2 3 Cups Game — 1 image(s)
[144/228] Pictures Board Game — 3 image(s)
[145/228] Speed Cups Game — 2 image(s)
  Progress: 550/884 checked
[146/228] Beat That! Board Game — 4 image(s)
[147/228] Exit The Game The Polar Station Board Game — 1 image(s)
[148/228] Exit The Forbidden Castle Board Game — 2 image(s)
[149/228] Avalon Board Game — 1 image(s)
[150/228] Organ Attack Card Game — 4 image(s)
[151/228] One Night Ultimate Werewolf Board Game — 4 image(s)
[152/228] One Night Alien Card Game — 4 image(s)
[153/228] Perfect Timing Game — 4 image(s)
[154/228] Verbal Volley Game — 1 image(s)
[155/228] Domino Game — 2 image(s)
[156/228] Skyjo Card Game — 3 image(s)
[157/228] Magnetic Go Game Classico — 6 image(s)
[158/228] Charades For Kids Card Game — 5 image(s)
[159/228] Sequence For Kids Board Game — 6 image(s)
[160/228] Secret Hitler Board Game — 4 image(s)
  Progress: 600/884 checked
[161/228] CoolCats & AssHats Card Game — 6 image(s)
[162/228] Tacocat Spelled Backwards Card Game — 4 image(s)
[163/228] Unstable Unicorns Card Game — 2 image(s)
[164/228] Things They Don’t Teach You In School Card Game — 3 image(s)
[165/228] I Should Have Known That! Card Game — 5 image(s)
[166/228] Dungeon Mayhem Card Game — 5 image(s)
[167/228] Love Lingual Card Game — 4 image(s)
[168/228] Quiddler Card Game — 4 image(s)
[169/228] Unstable Unicorns Dragons Expansion Pack Card Game — 1 image(s)
[170/228] Unicorns Of Legend Expansion Pack — 1 image(s)
[171/228] Unstable Unicorns NSFW Expansion Pack Card Game — 3 image(s)
[172/228] Intimacy 150 Prompts Card Game — 4 image(s)
[173/228] What Am I ? Hen Edition Card Game — 3 image(s)
[174/228] Icebreaker Deeper Talk Card Game — 4 image(s)
  Progress: 650/884 checked
[175/228] Scenarios Card Game — 7 image(s)
[176/228] Taco Cat Goat Cheese Pizza Card Game — 5 image(s)
[177/228] Jeu De Tarot Offrandes Gourmandes Card — 2 image(s)
[178/228] Harry Potter Hogwarts Battle Board Game — 5 image(s)
[179/228] Cards Against Disney Card Game — 3 image(s)
[180/228] Cards Against Star Wars Card Game — 3 image(s)
[181/228] Rick and Morty Card Game — 2 image(s)
[182/228] Happy Salmon Card Game — 5 image(s)
[183/228] A Little Wordy Board Game — 5 image(s)
[184/228] Relative Insanity Card Game — 4 image(s)
[185/228] Sequence Board Game — 4 image(s)
[186/228] Imploding Kittens Card Game — 4 image(s)
[187/228] Cluedo Board Game — 3 image(s)
  Progress: 700/884 checked
[188/228] Akropolis Board Game — 4 image(s)
[189/228] Codenames Card Game — 2 image(s)
[190/228] Le3be 3a Krouteh! 3 Card Game — 2 image(s)
[191/228] Zello ma T2ello Card Game — 3 image(s)
[192/228] Fhemt 3lek Card Game — 2 image(s)
[193/228] 7zar Shou? Card Game — 1 image(s)
[194/228] Libano Poly Board Game — 2 image(s)
[195/228] Ring Spotlight Cam Wired — 6 image(s)
[196/228] Ring Chime Pro — 2 image(s)
[197/228] Promate MagSafe Wireless Car Charger 1W Built-In Wireless Mono ENC Earphone — 10 image(s)
[198/228] Promate  Ultra-Compact USB-C Lighting Ports & Bidirectional Cable 10000MAH Neo 10-Uni — 9 image(s)
[199/228] Promate Rugged EcoLight Solar Power Bank 10000MAH SolarTank-10PDQi — 10 image(s)
  Progress: 750/884 checked
[200/228] Promate MagSafe Compatible Wireless Charging Power Bank 10000MAH PowerPack-Fold — 10 image(s)
[201/228] Promate Blade-5 Ultra-Slim Aluminum Crafted MagSafe Compatible Wireless Charging PowerBank — 9 image(s)
[202/228] Apple Pencil (USB-C) — 3 image(s)
[203/228] Apple Pencil Pro (2024) — 3 image(s)
[204/228] Apple USB Power Adapter 5W — 2 image(s)
[205/228] Apple AirTag — 3 image(s)
[206/228] Apple MagSafe Charger (1M) — 6 image(s)
[207/228] Apple iPhone Clear Case With MagSafe — 10 image(s)
  Progress: 800/884 checked
[208/228] Apple Watch Magnetic Fast Charger To USB-C Cable (1M) — 3 image(s)
[209/228] Apple Lightning to USB Cable (1M) — 1 image(s)
[210/228] Apple USB-C to Lightning Cable (2M) — 4 image(s)
[211/228] Apple USB-C to Lightning Cable (1M) — 3 image(s)
[212/228] Apple 240W USB-C Charge Cable (2M) — 2 image(s)
[213/228] Apple 60W USB-C Charge Cable (1M) — 2 image(s)
[214/228] Apple Power Adapter Extension Cable (1.8MM) — 1 image(s)
[215/228] Apple Lightning To 3.5mm Headphone Jack Adapter — 3 image(s)
[216/228] Apple USB-C to 3.5 mm Headphone Jack Adapter — 4 image(s)
[217/228] Apple AirPods Max 2 — 9 image(s)
[218/228] Apple EarPods (3.5mm Headphone Plug) — 6 image(s)
[219/228] Apple EarPods (Lightning Connector) — 6 image(s)
[220/228] Apple EarPods (USB-C) — 6 image(s)
  Progress: 850/884 checked
[221/228] Apple AirPods Pro 3 — 5 image(s)
[222/228] AirPods 4 With Charging Case (USB-C) — 3 image(s)
[223/228] Promate 65W GaNFast™ Foldable MagSafe Compatible Wireless Charging Station — 9 image(s)
[224/228] Promate MagHalo Ultra-Slim MagSafe Compatible Rechargeable LED Ring Light — 8 image(s)
[225/228] Catan The Base Game — 1 image(s)
[226/228] UNO FLIP! Card Game — 2 image(s)
[227/228] Sony PlayStation 5 Slim Edition- 2 Years warranty — 2 image(s)
[228/228] Apple 20W USB-C Power Adapter — 3 image(s)
  Progress: 884/884 checked

============================================================
 IMAGE PREFLIGHT SUMMARY
============================================================
Eligible products: 228
Images checked:    884
Images passed:     884
Images failed:     0
Processed output:  1025.45 MB

✓ NO SUPABASE DATABASE WRITES
✓ NO STORAGE UPLOADS
✓ NO PRODUCTS CREATED
✓ NO LOCAL IMAGE FILES CREATED
============================================================
